[
  "@skyux/a11y:SkySkipLinkModule",
  "@skyux/ag-grid:SkyAgGridLookupProperties:autocompleteAttribute",
  "@skyux/ag-grid:SkyAgGridService:getHeaderHeight",
  "@skyux/ag-grid:SkyAgGridService:getHeaderHeight",
  "@skyux/ag-grid:SkyAutocompleteProperties",
  "@skyux/ag-grid:SkyDatepickerProperties",
  "@skyux/avatar/testing:SkyAvatarFixture",
  "@skyux/colorpicker/testing:SkyColorpickerFixture",
  "@skyux/colorpicker:SkyColorpickerComponent:pickerButtonIconType",
  "@skyux/colorpicker:SkyColorpickerInputDirective:initialColor",
  "@skyux/colorpicker:SkyColorpickerInputDirective:returnFormat",
  "@skyux/config:SkyAppConfigHost",
  "@skyux/config:SkyAppConfigModule",
  "@skyux/config:SkyAppConfigParams",
  "@skyux/config:SkyAppRuntimeConfigParamsProvider",
  "@skyux/core/testing:MockSkyMediaQueryService",
  "@skyux/core/testing:MockSkyMediaQueryService:current",
  "@skyux/core/testing:MockSkyMediaQueryService:subscribe",
  "@skyux/core/testing:MockSkyMediaQueryService:subscribe",
  "@skyux/core:NumericOptions",
  "@skyux/core:SkyCoreAdapterModule",
  "@skyux/core:SkyCoreAdapterService:setResponsiveContainerClass",
  "@skyux/core:SkyCoreAdapterService:setResponsiveContainerClass",
  "@skyux/core:SkyDockModule",
  "@skyux/core:SkyDynamicComponentLegacyService",
  "@skyux/core:SkyDynamicComponentModule",
  "@skyux/core:SkyLogModule",
  "@skyux/core:SkyMediaBreakpoints",
  "@skyux/core:SkyMediaQueryListener",
  "@skyux/core:SkyMediaQueryModule",
  "@skyux/core:SkyMediaQueryService:current",
  "@skyux/core:SkyMediaQueryService:subscribe",
  "@skyux/core:SkyMediaQueryService:subscribe",
  "@skyux/core:SkyOverlayLegacyService",
  "@skyux/core:SkyOverlayModule",
  "@skyux/core:SkyResizeObserverMediaQueryService",
  "@skyux/core:SkyResizeObserverMediaQueryService:current",
  "@skyux/datetime/testing:SkyDatepickerFixture",
  "@skyux/datetime:SkyDateRangeCalculator:shortDescription",
  "@skyux/datetime:SkyDateRangePickerComponent:label",
  "@skyux/datetime:SkyDateRangeService:getCalculatorById",
  "@skyux/datetime:SkyDateRangeService:getCalculatorById",
  "@skyux/datetime:SkyDateRangeService:getCalculators",
  "@skyux/datetime:SkyDateRangeService:getCalculators",
  "@skyux/datetime:SkyFuzzyDateService:getStringFromFuzzyDate",
  "@skyux/datetime:SkyFuzzyDateService:getStringFromFuzzyDate",
  "@skyux/errors:ErrorModalConfig",
  "@skyux/errors:SkyErrorModalService",
  "@skyux/errors:SkyErrorModalService:open",
  "@skyux/errors:SkyErrorModalService:open",
  "@skyux/flyout:SkyFlyoutConfig:ariaRole",
  "@skyux/flyout:SkyFlyoutLegacyService",
  "@skyux/forms/testing:SkyCheckboxFixture",
  "@skyux/forms/testing:SkyRadioFixture",
  "@skyux/forms:SkyCheckboxComponent:checkboxType",
  "@skyux/forms:SkyCheckboxComponent:label",
  "@skyux/forms:SkyCheckboxComponent:labelledBy",
  "@skyux/forms:SkyCheckboxLabelComponent",
  "@skyux/forms:SkyFileAttachmentComponent:fileChange",
  "@skyux/forms:SkyFileAttachmentComponent:validateFn",
  "@skyux/forms:SkyFileAttachmentLabelComponent",
  "@skyux/forms:SkyFileAttachmentsModule",
  "@skyux/forms:SkyRadioComponent:label",
  "@skyux/forms:SkyRadioComponent:labelledBy",
  "@skyux/forms:SkyRadioComponent:name",
  "@skyux/forms:SkyRadioComponent:radioType",
  "@skyux/forms:SkyRadioComponent:tabindex",
  "@skyux/forms:SkyRadioGroupComponent:ariaLabel",
  "@skyux/forms:SkyRadioGroupComponent:ariaLabelledBy",
  "@skyux/forms:SkyRadioLabelComponent",
  "@skyux/forms:SkyRadioType",
  "@skyux/forms:SkySelectionBoxGridAlignItems",
  "@skyux/forms:SkyToggleSwitchComponent:ariaLabel",
  "@skyux/forms:SkyToggleSwitchLabelComponent",
  "@skyux/grids:SkyGridColumnAlignment",
  "@skyux/grids:SkyGridColumnComponent",
  "@skyux/grids:SkyGridColumnDescriptionModelChange",
  "@skyux/grids:SkyGridColumnHeadingModelChange",
  "@skyux/grids:SkyGridColumnInlineHelpPopoverModelChange",
  "@skyux/grids:SkyGridColumnModel",
  "@skyux/grids:SkyGridColumnWidthModelChange",
  "@skyux/grids:SkyGridComponent",
  "@skyux/grids:SkyGridMessage",
  "@skyux/grids:SkyGridMessageType",
  "@skyux/grids:SkyGridModule",
  "@skyux/grids:SkyGridRowDeleteCancelArgs",
  "@skyux/grids:SkyGridRowDeleteConfig",
  "@skyux/grids:SkyGridRowDeleteConfirmArgs",
  "@skyux/grids:SkyGridSelectedRowsModelChange",
  "@skyux/grids:SkyGridSelectedRowsSource",
  "@skyux/grids:SkyGridUIConfig",
  "@skyux/i18n:SKY_LIB_RESOURCES_PROVIDERS",
  "@skyux/i18n:SkyLibResourcesProvider",
  "@skyux/i18n:getStringForLocale",
  "@skyux/icon/testing:SkyIconHarness:getIconType",
  "@skyux/icon/testing:SkyIconHarness:getIconType",
  "@skyux/icon:SkyIconComponent:iconType",
  "@skyux/icon:SkyIconStackItem:iconType",
  "@skyux/icon:SkyIconType",
  "@skyux/indicators/testing:SkyAlertFixture",
  "@skyux/layout:SkyActionButtonContainerAlignItems",
  "@skyux/layout:SkyBoxComponent:ariaLabel",
  "@skyux/layout:SkyBoxComponent:ariaLabelledBy",
  "@skyux/layout:SkyBoxHeaderComponent",
  "@skyux/layout:SkyCardActionsComponent",
  "@skyux/layout:SkyCardComponent",
  "@skyux/layout:SkyCardContentComponent",
  "@skyux/layout:SkyCardModule",
  "@skyux/layout:SkyCardTitleComponent",
  "@skyux/layout:SkyDefinitionListComponent",
  "@skyux/layout:SkyDefinitionListContentComponent",
  "@skyux/layout:SkyDefinitionListHeadingComponent",
  "@skyux/layout:SkyDefinitionListLabelComponent",
  "@skyux/layout:SkyDefinitionListModule",
  "@skyux/layout:SkyDefinitionListValueComponent",
  "@skyux/layout:SkyDescriptionListMode",
  "@skyux/layout:SkyPageComponent",
  "@skyux/layout:SkyPageLayoutType",
  "@skyux/layout:SkyPageModule",
  "@skyux/layout:SkyPageSummaryAlertComponent",
  "@skyux/layout:SkyPageSummaryComponent",
  "@skyux/layout:SkyPageSummaryContentComponent",
  "@skyux/layout:SkyPageSummaryImageComponent",
  "@skyux/layout:SkyPageSummaryKeyInfoComponent",
  "@skyux/layout:SkyPageSummaryModule",
  "@skyux/layout:SkyPageSummaryStatusComponent",
  "@skyux/layout:SkyPageSummarySubtitleComponent",
  "@skyux/layout:SkyPageSummaryTitleComponent",
  "@skyux/list-builder-common:AsyncItem",
  "@skyux/list-builder-common:AsyncList",
  "@skyux/list-builder-common:ListItemModel",
  "@skyux/list-builder-common:ListSortFieldSelectorModel",
  "@skyux/list-builder-common:StateDispatcher",
  "@skyux/list-builder-common:StateNode",
  "@skyux/list-builder-common:StateOrchestrator",
  "@skyux/list-builder-common:compare",
  "@skyux/list-builder-common:getData",
  "@skyux/list-builder-common:getValue",
  "@skyux/list-builder-common:isObservable",
  "@skyux/list-builder-view-checklist:ChecklistState",
  "@skyux/list-builder-view-checklist:ChecklistStateAction",
  "@skyux/list-builder-view-checklist:ChecklistStateDispatcher",
  "@skyux/list-builder-view-checklist:ChecklistStateModel",
  "@skyux/list-builder-view-checklist:ListViewChecklistItemModel",
  "@skyux/list-builder-view-checklist:ListViewChecklistItemsLoadAction",
  "@skyux/list-builder-view-checklist:ListViewChecklistItemsOrchestrator",
  "@skyux/list-builder-view-checklist:SkyListViewChecklistComponent",
  "@skyux/list-builder-view-checklist:SkyListViewChecklistItemComponent",
  "@skyux/list-builder-view-checklist:SkyListViewChecklistModule",
  "@skyux/list-builder-view-grids:GridState",
  "@skyux/list-builder-view-grids:GridStateAction",
  "@skyux/list-builder-view-grids:GridStateDispatcher",
  "@skyux/list-builder-view-grids:GridStateModel",
  "@skyux/list-builder-view-grids:ListViewDisplayedGridColumnsLoadAction",
  "@skyux/list-builder-view-grids:ListViewDisplayedGridColumnsOrchestrator",
  "@skyux/list-builder-view-grids:ListViewGridColumnsLoadAction",
  "@skyux/list-builder-view-grids:ListViewGridColumnsOrchestrator",
  "@skyux/list-builder-view-grids:SkyColumnSelectorContext",
  "@skyux/list-builder-view-grids:SkyColumnSelectorModel",
  "@skyux/list-builder-view-grids:SkyColumnSelectorModule",
  "@skyux/list-builder-view-grids:SkyListColumnSelectorActionModule",
  "@skyux/list-builder-view-grids:SkyListViewGridComponent",
  "@skyux/list-builder-view-grids:SkyListViewGridMessage",
  "@skyux/list-builder-view-grids:SkyListViewGridMessageType",
  "@skyux/list-builder-view-grids:SkyListViewGridModule",
  "@skyux/list-builder-view-grids:SkyListViewGridRowDeleteCancelArgs",
  "@skyux/list-builder-view-grids:SkyListViewGridRowDeleteConfirmArgs",
  "@skyux/list-builder:ListDataProvider",
  "@skyux/list-builder:ListDataRequestModel",
  "@skyux/list-builder:ListDataResponseModel",
  "@skyux/list-builder:ListFiltersOrchestrator",
  "@skyux/list-builder:ListFiltersUpdateAction",
  "@skyux/list-builder:ListItemsLoadAction",
  "@skyux/list-builder:ListItemsOrchestrator",
  "@skyux/list-builder:ListItemsSetLoadingAction",
  "@skyux/list-builder:ListItemsSetSelectedAction",
  "@skyux/list-builder:ListPagingModel",
  "@skyux/list-builder:ListPagingOrchestrator",
  "@skyux/list-builder:ListPagingSetItemsPerPageAction",
  "@skyux/list-builder:ListPagingSetMaxPagesAction",
  "@skyux/list-builder:ListPagingSetPageNumberAction",
  "@skyux/list-builder:ListSearchModel",
  "@skyux/list-builder:ListSearchOrchestrator",
  "@skyux/list-builder:ListSearchSetFieldSelectorsAction",
  "@skyux/list-builder:ListSearchSetFunctionsAction",
  "@skyux/list-builder:ListSearchSetOptionsAction",
  "@skyux/list-builder:ListSearchSetSearchTextAction",
  "@skyux/list-builder:ListSelectedLoadAction",
  "@skyux/list-builder:ListSelectedModel",
  "@skyux/list-builder:ListSelectedOrchestrator",
  "@skyux/list-builder:ListSelectedSetItemSelectedAction",
  "@skyux/list-builder:ListSelectedSetItemsSelectedAction",
  "@skyux/list-builder:ListSelectedSetLoadingAction",
  "@skyux/list-builder:ListSortLabelModel",
  "@skyux/list-builder:ListSortModel",
  "@skyux/list-builder:ListSortOrchestrator",
  "@skyux/list-builder:ListSortSetAvailableAction",
  "@skyux/list-builder:ListSortSetFieldSelectorsAction",
  "@skyux/list-builder:ListSortSetGlobalAction",
  "@skyux/list-builder:ListState",
  "@skyux/list-builder:ListStateAction",
  "@skyux/list-builder:ListStateDispatcher",
  "@skyux/list-builder:ListStateModel",
  "@skyux/list-builder:ListStateOrchestrator",
  "@skyux/list-builder:ListToolbarItemModel",
  "@skyux/list-builder:ListToolbarItemsDisableAction",
  "@skyux/list-builder:ListToolbarItemsLoadAction",
  "@skyux/list-builder:ListToolbarItemsRemoveAction",
  "@skyux/list-builder:ListToolbarModel",
  "@skyux/list-builder:ListToolbarOrchestrator",
  "@skyux/list-builder:ListToolbarSetExistsAction",
  "@skyux/list-builder:ListToolbarSetTypeAction",
  "@skyux/list-builder:ListToolbarShowMultiselectToolbarAction",
  "@skyux/list-builder:ListViewComponent",
  "@skyux/list-builder:ListViewModel",
  "@skyux/list-builder:ListViewsLoadAction",
  "@skyux/list-builder:ListViewsModel",
  "@skyux/list-builder:ListViewsOrchestrator",
  "@skyux/list-builder:ListViewsSetActiveAction",
  "@skyux/list-builder:SkyListComponent",
  "@skyux/list-builder:SkyListFilterButtonComponent",
  "@skyux/list-builder:SkyListFilterInlineComponent",
  "@skyux/list-builder:SkyListFilterInlineItemComponent",
  "@skyux/list-builder:SkyListFilterSummaryComponent",
  "@skyux/list-builder:SkyListFiltersModule",
  "@skyux/list-builder:SkyListInMemoryDataProvider",
  "@skyux/list-builder:SkyListModule",
  "@skyux/list-builder:SkyListPagingComponent",
  "@skyux/list-builder:SkyListPagingModule",
  "@skyux/list-builder:SkyListSecondaryAction",
  "@skyux/list-builder:SkyListSecondaryActionComponent",
  "@skyux/list-builder:SkyListSecondaryActionsComponent",
  "@skyux/list-builder:SkyListSecondaryActionsModule",
  "@skyux/list-builder:SkyListToolbarComponent",
  "@skyux/list-builder:SkyListToolbarItemComponent",
  "@skyux/list-builder:SkyListToolbarModule",
  "@skyux/list-builder:SkyListToolbarSearchActionsComponent",
  "@skyux/list-builder:SkyListToolbarSortComponent",
  "@skyux/list-builder:SkyListToolbarViewActionsComponent",
  "@skyux/lists/testing:SkyInfiniteScrollFixture",
  "@skyux/lookup/testing:SkyAutocompleteHarness:blur",
  "@skyux/lookup/testing:SkyAutocompleteHarness:blur",
  "@skyux/lookup/testing:SkyAutocompleteHarness:clear",
  "@skyux/lookup/testing:SkyAutocompleteHarness:clear",
  "@skyux/lookup/testing:SkyAutocompleteHarness:enterText",
  "@skyux/lookup/testing:SkyAutocompleteHarness:enterText",
  "@skyux/lookup/testing:SkyAutocompleteHarness:focus",
  "@skyux/lookup/testing:SkyAutocompleteHarness:focus",
  "@skyux/lookup/testing:SkyAutocompleteHarness:getValue",
  "@skyux/lookup/testing:SkyAutocompleteHarness:getValue",
  "@skyux/lookup/testing:SkyAutocompleteHarness:isDisabled",
  "@skyux/lookup/testing:SkyAutocompleteHarness:isDisabled",
  "@skyux/lookup/testing:SkyAutocompleteHarness:isFocused",
  "@skyux/lookup/testing:SkyAutocompleteHarness:isFocused",
  "@skyux/lookup/testing:SkyCountryFieldFixture:autocompleteAttribute",
  "@skyux/lookup/testing:SkyCountryFieldHarness:blur",
  "@skyux/lookup/testing:SkyCountryFieldHarness:blur",
  "@skyux/lookup/testing:SkyCountryFieldHarness:clear",
  "@skyux/lookup/testing:SkyCountryFieldHarness:clear",
  "@skyux/lookup/testing:SkyCountryFieldHarness:enterText",
  "@skyux/lookup/testing:SkyCountryFieldHarness:enterText",
  "@skyux/lookup/testing:SkyCountryFieldHarness:focus",
  "@skyux/lookup/testing:SkyCountryFieldHarness:focus",
  "@skyux/lookup/testing:SkyCountryFieldHarness:getValue",
  "@skyux/lookup/testing:SkyCountryFieldHarness:getValue",
  "@skyux/lookup/testing:SkyCountryFieldHarness:isDisabled",
  "@skyux/lookup/testing:SkyCountryFieldHarness:isDisabled",
  "@skyux/lookup/testing:SkyCountryFieldHarness:isFocused",
  "@skyux/lookup/testing:SkyCountryFieldHarness:isFocused",
  "@skyux/lookup/testing:SkyLookupHarness:blur",
  "@skyux/lookup/testing:SkyLookupHarness:blur",
  "@skyux/lookup/testing:SkyLookupHarness:clear",
  "@skyux/lookup/testing:SkyLookupHarness:clear",
  "@skyux/lookup/testing:SkyLookupHarness:enterText",
  "@skyux/lookup/testing:SkyLookupHarness:enterText",
  "@skyux/lookup/testing:SkyLookupHarness:focus",
  "@skyux/lookup/testing:SkyLookupHarness:focus",
  "@skyux/lookup/testing:SkyLookupHarness:getAriaLabelledby",
  "@skyux/lookup/testing:SkyLookupHarness:getAriaLabelledby",
  "@skyux/lookup/testing:SkyLookupHarness:getValue",
  "@skyux/lookup/testing:SkyLookupHarness:getValue",
  "@skyux/lookup/testing:SkyLookupHarness:isDisabled",
  "@skyux/lookup/testing:SkyLookupHarness:isDisabled",
  "@skyux/lookup/testing:SkyLookupHarness:isFocused",
  "@skyux/lookup/testing:SkyLookupHarness:isFocused",
  "@skyux/lookup/testing:SkySearchFixture",
  "@skyux/lookup:SkyAutocompleteComponent:propertiesToSearch",
  "@skyux/lookup:SkyAutocompleteComponent:search",
  "@skyux/lookup:SkyAutocompleteComponent:searchFilters",
  "@skyux/lookup:SkyAutocompleteDefaultSearchFunctionOptions:searchResultsLimit",
  "@skyux/lookup:SkyAutocompleteInputDirective:autocompleteAttribute",
  "@skyux/lookup:SkyCountryFieldComponent:autocompleteAttribute",
  "@skyux/lookup:SkyLookupComponent:ariaLabel",
  "@skyux/lookup:SkyLookupComponent:ariaLabelledBy",
  "@skyux/lookup:SkyLookupComponent:autocompleteAttribute",
  "@skyux/lookup:SkyLookupComponent:data",
  "@skyux/lookup:SkyLookupComponent:propertiesToSearch",
  "@skyux/lookup:SkyLookupComponent:search",
  "@skyux/lookup:SkyLookupComponent:searchFilters",
  "@skyux/lookup:SkyLookupSelectMode",
  "@skyux/lookup:SkyLookupShowMoreNativePickerConfig:title",
  "@skyux/lookup:SkySelectionModalModule",
  "@skyux/lookup:SkySelectionModalOpenArgs:title",
  "@skyux/modals/testing:SkyModalHarness:getAriaDescribedBy",
  "@skyux/modals/testing:SkyModalHarness:getAriaDescribedBy",
  "@skyux/modals/testing:SkyModalHarness:getAriaLabelledBy",
  "@skyux/modals/testing:SkyModalHarness:getAriaLabelledBy",
  "@skyux/modals:SkyConfirmButtonConfig:autofocus",
  "@skyux/modals:SkyConfirmModule",
  "@skyux/modals:SkyConfirmType:YesCancel",
  "@skyux/modals:SkyConfirmType:YesNoCancel",
  "@skyux/modals:SkyModalComponent:tiledBody",
  "@skyux/modals:SkyModalConfiguration:ariaDescribedBy",
  "@skyux/modals:SkyModalConfiguration:ariaLabelledBy",
  "@skyux/modals:SkyModalConfiguration:helpKey",
  "@skyux/modals:SkyModalConfiguration:tiledBody",
  "@skyux/modals:SkyModalConfigurationInterface:ariaDescribedBy",
  "@skyux/modals:SkyModalConfigurationInterface:ariaLabelledBy",
  "@skyux/modals:SkyModalConfigurationInterface:helpKey",
  "@skyux/modals:SkyModalConfigurationInterface:tiledBody",
  "@skyux/modals:SkyModalHostService:backdropZIndex",
  "@skyux/modals:SkyModalHostService:onOpenHelp",
  "@skyux/modals:SkyModalHostService:onOpenHelp",
  "@skyux/modals:SkyModalHostService:openHelp",
  "@skyux/modals:SkyModalHostService:openModalCount",
  "@skyux/modals:SkyModalInstance:helpOpened",
  "@skyux/modals:SkyModalInstance:openHelp",
  "@skyux/modals:SkyModalInstance:openHelp",
  "@skyux/modals:SkyModalLegacyService",
  "@skyux/pages:SkyActionHubNeedsAttention:message",
  "@skyux/popovers:SkyDropdownComponent:trigger",
  "@skyux/popovers:SkyPopoverDirective:skyPopoverTrigger",
  "@skyux/popovers:SkyPopoverTrigger",
  "@skyux/progress-indicator:SkyProgressIndicatorComponent:displayMode",
  "@skyux/progress-indicator:SkyProgressIndicatorDisplayMode",
  "@skyux/router:SkyAppLinkExternalDirective",
  "@skyux/select-field:SkySelectField",
  "@skyux/select-field:SkySelectFieldComponent",
  "@skyux/select-field:SkySelectFieldCustomPicker",
  "@skyux/select-field:SkySelectFieldModule",
  "@skyux/select-field:SkySelectFieldPickerContext",
  "@skyux/select-field:SkySelectFieldSelectMode",
  "@skyux/split-view:SkySplitViewComponent:bindHeightToWindow",
  "@skyux/tabs:SkyTabComponent:tabHeaderCount",
  "@skyux/tabs:SkyVerticalTabComponent:ariaControls",
  "@skyux/tabs:SkyVerticalTabComponent:ariaRole",
  "@skyux/tabs:SkyVerticalTabComponent:tabId",
  "@skyux/tabs:SkyVerticalTabsetComponent:ariaRole",
  "@skyux/tiles:SkyTileComponent:helpClick",
  "@skyux/tiles:SkyTileComponent:showHelp",
  "@skyux/toast:SkyToastLegacyService"
]