// Jest Snapshot v1, https://goo.gl/fbAQLP

exports[`component-e2e should create e2e infrastructure for a component 1`] = `
"import { NgModule } from '@angular/core';
import { BrowserModule } from '@angular/platform-browser';
import { Route, RouterModule } from '@angular/router';

import { AppComponent } from './app.component';

const routes: Route[] = [];
if (routes.length > 0 && routes.findIndex((r) => r.path === '') === -1) {
  routes.push({ path: '', redirectTo: \`\${routes[0].path}\`, pathMatch: 'full' });
}

@NgModule({
  declarations: [AppComponent],
  imports: [
    BrowserModule,
    RouterModule.forRoot(routes, { initialNavigation: 'enabledBlocking' }),
  ],
  bootstrap: [AppComponent],
})
export class AppModule {}
"
`;
