// Jest Snapshot v1, https://goo.gl/fbAQLP

exports[`Migrations > Add compat stylesheets should add a compat stylesheet for libraries in dependencies 1`] = `
"/*******************************************************************************
 * TODO: The following component libraries introduced visual breaking changes
 * in SKY UX CURRENT_VERSION. Each block of CSS reintroduces the styles that
 * were changed or removed for backward compatibility. You will need to do the
 * following before migrating to the next major version of SKY UX:
 * - Address each of the changes by following the instructions
 *   in each block of CSS, then remove the block.
 * - Delete this file after all blocks have been addressed.
 * - Remove each occurrence of this file in your project's
 *   angular.json file.
 *******************************************************************************/

/*******************************************************************************
 * COMPONENT: STYLES
 *******************************************************************************/

/*******************************************************************************
 * H4 and H5 elements should be sentence case in modern theme. To address this
 * change, remove this block of code and ensure your headers are not written
 * with all caps.
 *******************************************************************************/

:root {
  --sky-compat-theme-modern-heading-4-text-transform: uppercase;
  --sky-compat-theme-modern-heading-5-text-transform: uppercase;
  --sky-compat-theme-modern-heading-4-font-weight: 400;
  --sky-compat-theme-modern-heading-5-font-weight: 400;
  --sky-compat-theme-modern-heading-4-font-color: #686c73;
  --sky-compat-theme-modern-heading-5-font-color: #686c73;

}
"
`;

exports[`Migrations > Add compat stylesheets should add a compat stylesheet for libraries in devDependencies 1`] = `
"/*******************************************************************************
 * TODO: The following component libraries introduced visual breaking changes
 * in SKY UX CURRENT_VERSION. Each block of CSS reintroduces the styles that
 * were changed or removed for backward compatibility. You will need to do the
 * following before migrating to the next major version of SKY UX:
 * - Address each of the changes by following the instructions
 *   in each block of CSS, then remove the block.
 * - Delete this file after all blocks have been addressed.
 * - Remove each occurrence of this file in your project's
 *   angular.json file.
 *******************************************************************************/

/*******************************************************************************
 * COMPONENT: STYLES
 *******************************************************************************/

/*******************************************************************************
 * H4 and H5 elements should be sentence case in modern theme. To address this
 * change, remove this block of code and ensure your headers are not written
 * with all caps.
 *******************************************************************************/

:root {
  --sky-compat-theme-modern-heading-4-text-transform: uppercase;
  --sky-compat-theme-modern-heading-5-text-transform: uppercase;
  --sky-compat-theme-modern-heading-4-font-weight: 400;
  --sky-compat-theme-modern-heading-5-font-weight: 400;
  --sky-compat-theme-modern-heading-4-font-color: #686c73;
  --sky-compat-theme-modern-heading-5-font-color: #686c73;

}
"
`;

exports[`Migrations > Add compat stylesheets should handle missing styles array 1`] = `
"/*******************************************************************************
 * TODO: The following component libraries introduced visual breaking changes
 * in SKY UX CURRENT_VERSION. Each block of CSS reintroduces the styles that
 * were changed or removed for backward compatibility. You will need to do the
 * following before migrating to the next major version of SKY UX:
 * - Address each of the changes by following the instructions
 *   in each block of CSS, then remove the block.
 * - Delete this file after all blocks have been addressed.
 * - Remove each occurrence of this file in your project's
 *   angular.json file.
 *******************************************************************************/

/*******************************************************************************
 * COMPONENT: STYLES
 *******************************************************************************/

/*******************************************************************************
 * H4 and H5 elements should be sentence case in modern theme. To address this
 * change, remove this block of code and ensure your headers are not written
 * with all caps.
 *******************************************************************************/

:root {
  --sky-compat-theme-modern-heading-4-text-transform: uppercase;
  --sky-compat-theme-modern-heading-5-text-transform: uppercase;
  --sky-compat-theme-modern-heading-4-font-weight: 400;
  --sky-compat-theme-modern-heading-5-font-weight: 400;
  --sky-compat-theme-modern-heading-4-font-color: #686c73;
  --sky-compat-theme-modern-heading-5-font-color: #686c73;

}
"
`;

exports[`Migrations > Add compat stylesheets should overwrite an existing compat stylesheet 1`] = `
"/*******************************************************************************
 * TODO: The following component libraries introduced visual breaking changes
 * in SKY UX CURRENT_VERSION. Each block of CSS reintroduces the styles that
 * were changed or removed for backward compatibility. You will need to do the
 * following before migrating to the next major version of SKY UX:
 * - Address each of the changes by following the instructions
 *   in each block of CSS, then remove the block.
 * - Delete this file after all blocks have been addressed.
 * - Remove each occurrence of this file in your project's
 *   angular.json file.
 *******************************************************************************/

/*******************************************************************************
 * COMPONENT: STYLES
 *******************************************************************************/

/*******************************************************************************
 * H4 and H5 elements should be sentence case in modern theme. To address this
 * change, remove this block of code and ensure your headers are not written
 * with all caps.
 *******************************************************************************/

:root {
  --sky-compat-theme-modern-heading-4-text-transform: uppercase;
  --sky-compat-theme-modern-heading-5-text-transform: uppercase;
  --sky-compat-theme-modern-heading-4-font-weight: 400;
  --sky-compat-theme-modern-heading-5-font-weight: 400;
  --sky-compat-theme-modern-heading-4-font-color: #686c73;
  --sky-compat-theme-modern-heading-5-font-color: #686c73;

}
"
`;
