// Jest Snapshot v1, https://goo.gl/fbAQLP

exports[`Migrations > Add compat stylesheets should add a compat stylesheet for libraries in dependencies 1`] = `
"/*******************************************************************************
 * TODO: The following component libraries introduced visual breaking changes
 * in SKY UX 9. Each block of CSS reintroduces the styles that were changed or
 * removed for backwards compatibility. You will need to do the following
 * before migrating to the next major version of SKY UX:
 * - Address each of the changes by following the instructions
 *   in each block of CSS, then remove the block.
 * - Delete this file after all blocks have been addressed.
 * - Remove each occurrence of this file in your project's
 *   angular.json file.
 *******************************************************************************/

/*******************************************************************************
 * COMPONENT: INPUT BOX
 *******************************************************************************/

/*******************************************************************************
 * The bottom margin has been removed from the  \`sky-input-box\`. To address
 * this, remove this block of CSS and use \`stacked="true"\` to automatically
 * have the latest vertical spacing added.
 *******************************************************************************/

:root {
  --sky-compat-sky-form-group-margin-bottom: 10px
}

/*******************************************************************************
 * COMPONENT: STYLES
 *******************************************************************************/

/*******************************************************************************
 * The bottom margin has been removed from \`sky-form-group\` style class. To
 * address this, remove this block of css and change \`sky-form-group\` to
 * \`sky-margin-stacked-sm\` or other appropriate spacing classes. See
 * https://developer.blackbaud.com/skyux/design/styles/spacing for a list of
 * supported spacing classes.
 *******************************************************************************/

:root {
  --sky-compat-sky-form-group-margin-bottom: 10px
}
"
`;

exports[`Migrations > Add compat stylesheets should add a compat stylesheet for libraries in devDependencies 1`] = `
"/*******************************************************************************
 * TODO: The following component libraries introduced visual breaking changes
 * in SKY UX 9. Each block of CSS reintroduces the styles that were changed or
 * removed for backwards compatibility. You will need to do the following
 * before migrating to the next major version of SKY UX:
 * - Address each of the changes by following the instructions
 *   in each block of CSS, then remove the block.
 * - Delete this file after all blocks have been addressed.
 * - Remove each occurrence of this file in your project's
 *   angular.json file.
 *******************************************************************************/

/*******************************************************************************
 * COMPONENT: INPUT BOX
 *******************************************************************************/

/*******************************************************************************
 * The bottom margin has been removed from the  \`sky-input-box\`. To address
 * this, remove this block of CSS and use \`stacked="true"\` to automatically
 * have the latest vertical spacing added.
 *******************************************************************************/

:root {
  --sky-compat-sky-form-group-margin-bottom: 10px
}

/*******************************************************************************
 * COMPONENT: STYLES
 *******************************************************************************/

/*******************************************************************************
 * The bottom margin has been removed from \`sky-form-group\` style class. To
 * address this, remove this block of css and change \`sky-form-group\` to
 * \`sky-margin-stacked-sm\` or other appropriate spacing classes. See
 * https://developer.blackbaud.com/skyux/design/styles/spacing for a list of
 * supported spacing classes.
 *******************************************************************************/

:root {
  --sky-compat-sky-form-group-margin-bottom: 10px
}
"
`;

exports[`Migrations > Add compat stylesheets should handle missing styles array 1`] = `
"/*******************************************************************************
 * TODO: The following component libraries introduced visual breaking changes
 * in SKY UX 9. Each block of CSS reintroduces the styles that were changed or
 * removed for backwards compatibility. You will need to do the following
 * before migrating to the next major version of SKY UX:
 * - Address each of the changes by following the instructions
 *   in each block of CSS, then remove the block.
 * - Delete this file after all blocks have been addressed.
 * - Remove each occurrence of this file in your project's
 *   angular.json file.
 *******************************************************************************/

/*******************************************************************************
 * COMPONENT: INPUT BOX
 *******************************************************************************/

/*******************************************************************************
 * The bottom margin has been removed from the  \`sky-input-box\`. To address
 * this, remove this block of CSS and use \`stacked="true"\` to automatically
 * have the latest vertical spacing added.
 *******************************************************************************/

:root {
  --sky-compat-sky-form-group-margin-bottom: 10px
}

/*******************************************************************************
 * COMPONENT: STYLES
 *******************************************************************************/

/*******************************************************************************
 * The bottom margin has been removed from \`sky-form-group\` style class. To
 * address this, remove this block of css and change \`sky-form-group\` to
 * \`sky-margin-stacked-sm\` or other appropriate spacing classes. See
 * https://developer.blackbaud.com/skyux/design/styles/spacing for a list of
 * supported spacing classes.
 *******************************************************************************/

:root {
  --sky-compat-sky-form-group-margin-bottom: 10px
}
"
`;

exports[`Migrations > Add compat stylesheets should overwrite an existing compat stylesheet 1`] = `
"/*******************************************************************************
 * TODO: The following component libraries introduced visual breaking changes
 * in SKY UX 9. Each block of CSS reintroduces the styles that were changed or
 * removed for backwards compatibility. You will need to do the following
 * before migrating to the next major version of SKY UX:
 * - Address each of the changes by following the instructions
 *   in each block of CSS, then remove the block.
 * - Delete this file after all blocks have been addressed.
 * - Remove each occurrence of this file in your project's
 *   angular.json file.
 *******************************************************************************/

/*******************************************************************************
 * COMPONENT: INPUT BOX
 *******************************************************************************/

/*******************************************************************************
 * The bottom margin has been removed from the  \`sky-input-box\`. To address
 * this, remove this block of CSS and use \`stacked="true"\` to automatically
 * have the latest vertical spacing added.
 *******************************************************************************/

:root {
  --sky-compat-sky-form-group-margin-bottom: 10px
}

/*******************************************************************************
 * COMPONENT: STYLES
 *******************************************************************************/

/*******************************************************************************
 * The bottom margin has been removed from \`sky-form-group\` style class. To
 * address this, remove this block of css and change \`sky-form-group\` to
 * \`sky-margin-stacked-sm\` or other appropriate spacing classes. See
 * https://developer.blackbaud.com/skyux/design/styles/spacing for a list of
 * supported spacing classes.
 *******************************************************************************/

:root {
  --sky-compat-sky-form-group-margin-bottom: 10px
}
"
`;
