// Jest Snapshot v1, https://goo.gl/fbAQLP

exports[`ag-grid.schematic should update this.columnApi 1`] = `
"
        import { Component } from '@angular/core';
        import {  GridApi, GridOptions, GridReadyEvent } from 'ag-grid-community';

        @Component()
        export class GridComponent {
          #gridReady(event: GridReadyEvent): void {
            this.columnApi = event.api;
            this.#columnApi = event.api;
            this._columnApi = event.api;
            event.api.getColumnState();
            event.api.applyColumnState({ state: [] });
          }
        }"
`;

exports[`ag-grid.schematic should use this.gridApi if possible 1`] = `
"
        import { Component } from '@angular/core';
        import { GridApi, GridOptions } from 'ag-grid-community';

        @Component()
        export class GridComponent {
          public onClick(): void {
            this.gridApi.deselectAll();
            this.gridApi.deselectAll();
          }
        }"
`;
